.next/types/validator.ts(143,39): error TS2307: Cannot find module '../../src/app/(member)/leaderboard/page.js' or its corresponding type declarations.
src/app/(member)/tracks/[slug]/page.tsx(60,32): error TS2339: Property 'lockReason' does not exist on type '{ isLocked: boolean; lockReason: string; prerequisiteTrack: { id: string; orderIndex: number; createdAt: Date; updatedAt: Date; name: string; description: string | null; slug: string; icon: string | null; prerequisiteTrackId: string | null; } | null; ... 9 more ...; prerequisiteTrackId: string | null; } | { ...; }'.
  Property 'lockReason' does not exist on type '{ modules: { lessons: any[]; id: string; orderIndex: number; createdAt: Date; updatedAt: Date; name: string; trackId: string; description: string | null; }[]; isLocked: boolean; prerequisiteTrack: { ...; } | null; ... 8 more ...; prerequisiteTrackId: string | null; }'.
src/app/(member)/tracks/[slug]/page.tsx(192,54): error TS2304: Cannot find name 'ChevronRight'.
